2024-10-02 09:04:24.650 - DBeaver 24.2.1.202409221725 is starting
2024-10-02 09:04:24.652 - OS: Windows 10 10.0 (amd64)
2024-10-02 09:04:24.652 - Java version: 17.0.6 by Eclipse Adoptium (64bit)
2024-10-02 09:04:24.652 - Install path: 'C:\Program Files\DBeaver'
2024-10-02 09:04:24.653 - Instance path: 'file:/C:/source/oraclesource/'
2024-10-02 09:04:24.656 - Memory available 64Mb/1024Mb
2024-10-02 09:04:24.678 - Create display
2024-10-02 09:04:24.901 - Initialize desktop platform...
2024-10-02 09:04:24.916 - send collected statistics
2024-10-02 09:04:25.168 - BounceCastle bundle found. Use JCE provider BC
> Start Core File Systems [org.eclipse.core.filesystem 1.11.0.v20240824-0952]
> Start Core Resource Management [org.eclipse.core.resources 3.21.0.v20240805-1607]
> Start DBeaver UI Navigator [org.jkiss.dbeaver.ui.navigator 1.0.139.202409221725]
> Start 팀 지원 핵심 [org.eclipse.team.core 3.10.500.v20240621-0541]
2024-10-02 09:04:25.608 - Initialize base platform...
> Start DBeaver UI Editors - Base [org.jkiss.dbeaver.ui.editors.base 1.0.139.202409221725]
2024-10-02 09:04:25.718 - Platform initialized (817ms)
2024-10-02 09:04:25.846 - Starting instance server at http://localhost:55576
2024-10-02 09:04:25.911 - Run workbench
> Start Eclipse e4 작업영역 SWT [org.eclipse.e4.ui.workbench.swt 0.17.500.v20240807-0911]
> Start Eclipse Application Services [org.eclipse.e4.core.services 2.4.400.v20240413-1529]
> Start Eclipse UI Application Services [org.eclipse.e4.ui.services 1.6.300.v20231201-1637]
> Start Eclipse e4 Progress View [org.eclipse.e4.ui.progress 0.4.600.v20240606-1020]
> Start Eclipse Bindings Support [org.eclipse.e4.ui.bindings 0.14.400.v20240321-1245]
> Start Eclipse e4 core commands [org.eclipse.e4.core.commands 1.1.400.v20240424-0444]
> Start EMF XML/XMI Persistence [org.eclipse.emf.ecore.xmi 2.38.0.v20240721-0634]
> Start Eclipse CSS SWT Theme Support [org.eclipse.e4.ui.css.swt.theme 0.14.400.v20240424-0956]
> Start Eclipse e4 작업영역 기능 추가 [org.eclipse.e4.ui.workbench.addons.swt 1.5.500.v20240620-1945]
Warning: NLS unused message: 이유 in: org.eclipse.ui.internal.messages
> Start Eclipse e4 작업영역 SWT 렌더러 [org.eclipse.e4.ui.workbench.renderers.swt 0.16.500.v20240727-1037]
> Start Eclipse Dependency Injection Extensions [org.eclipse.e4.core.di.extensions 0.18.300.v20240413-1529]
2024-10-02 09:04:37.787 - Internal error in workbench lifecycle
org.eclipse.swt.SWTError: No more handles
	at org.eclipse.swt.SWT.error(SWT.java:4948)
	at org.eclipse.swt.SWT.error(SWT.java:4837)
	at org.eclipse.swt.SWT.error(SWT.java:4808)
	at org.eclipse.swt.widgets.Widget.error(Widget.java:500)
	at org.eclipse.swt.widgets.Control.createHandle(Control.java:675)
	at org.eclipse.swt.widgets.Scrollable.createHandle(Scrollable.java:146)
	at org.eclipse.swt.widgets.Composite.createHandle(Composite.java:300)
	at org.eclipse.swt.widgets.Control.createWidget(Control.java:701)
	at org.eclipse.swt.widgets.Scrollable.createWidget(Scrollable.java:161)
	at org.eclipse.swt.widgets.Control.<init>(Control.java:121)
	at org.eclipse.swt.widgets.Scrollable.<init>(Scrollable.java:85)
	at org.eclipse.swt.widgets.Composite.<init>(Composite.java:103)
	at org.eclipse.ui.splash.BasicSplashHandler.getBundleProgressMonitor(BasicSplashHandler.java:136)
	at org.jkiss.dbeaver.ui.app.standalone.DBeaverSplashHandler.getBundleProgressMonitor(DBeaverSplashHandler.java:88)
	at org.eclipse.ui.splash.BasicSplashHandler.getContent(BasicSplashHandler.java:222)
	at org.jkiss.dbeaver.ui.app.standalone.DBeaverSplashHandler.initVisualization(DBeaverSplashHandler.java:125)
	at org.jkiss.dbeaver.ui.app.standalone.DBeaverSplashHandler.init(DBeaverSplashHandler.java:73)
	at org.eclipse.ui.internal.Workbench$3.run(Workbench.java:809)
	at org.eclipse.core.runtime.SafeRunner.run(SafeRunner.java:47)
	at org.eclipse.ui.internal.Workbench.createSplashWrapper(Workbench.java:823)
	at org.eclipse.ui.internal.Workbench.lambda$3(Workbench.java:607)
	at org.eclipse.core.databinding.observable.Realm.runWithDefault(Realm.java:339)
	at org.eclipse.ui.internal.Workbench.createAndRunWorkbench(Workbench.java:546)
	at org.eclipse.ui.PlatformUI.createAndRunWorkbench(PlatformUI.java:173)
	at org.jkiss.dbeaver.ui.app.standalone.DBeaverApplication.start(DBeaverApplication.java:293)
	at org.eclipse.equinox.internal.app.EclipseAppHandle.run(EclipseAppHandle.java:208)
	at org.eclipse.core.runtime.internal.adaptor.EclipseAppLauncher.runApplication(EclipseAppLauncher.java:143)
	at org.eclipse.core.runtime.internal.adaptor.EclipseAppLauncher.start(EclipseAppLauncher.java:109)
	at org.eclipse.core.runtime.adaptor.EclipseStarter.run(EclipseStarter.java:439)
	at org.eclipse.core.runtime.adaptor.EclipseStarter.run(EclipseStarter.java:271)
	at java.base/jdk.internal.reflect.NativeMethodAccessorImpl.invoke0(Native Method)
	at java.base/jdk.internal.reflect.NativeMethodAccessorImpl.invoke(Unknown Source)
	at java.base/jdk.internal.reflect.DelegatingMethodAccessorImpl.invoke(Unknown Source)
	at java.base/java.lang.reflect.Method.invoke(Unknown Source)
	at org.jkiss.dbeaver.launcher.DBeaverLauncher.invokeFramework(DBeaverLauncher.java:650)
	at org.jkiss.dbeaver.launcher.DBeaverLauncher.basicRun(DBeaverLauncher.java:610)
	at org.jkiss.dbeaver.launcher.DBeaverLauncher.run(DBeaverLauncher.java:1461)
2024-10-02 09:04:37.789 - DBeaver is stopping
2024-10-02 09:04:37.825 - Shutdown desktop platform...
org.eclipse.swt.SWTException: Invalid thread access
	at org.eclipse.swt.SWT.error(SWT.java:4922)
	at org.eclipse.swt.SWT.error(SWT.java:4837)
	at org.eclipse.swt.SWT.error(SWT.java:4808)
	at org.eclipse.swt.widgets.Widget.error(Widget.java:500)
	at org.eclipse.swt.widgets.Widget.checkWidget(Widget.java:420)
	at org.eclipse.swt.widgets.Widget.checkParent(Widget.java:351)
	at org.eclipse.swt.widgets.Widget.<init>(Widget.java:182)
	at org.eclipse.swt.widgets.Control.<init>(Control.java:119)
	at org.eclipse.swt.widgets.Scrollable.<init>(Scrollable.java:85)
	at org.eclipse.swt.widgets.Composite.<init>(Composite.java:103)
	at org.eclipse.ui.splash.BasicSplashHandler.getBundleProgressMonitor(BasicSplashHandler.java:136)
	at org.jkiss.dbeaver.ui.app.standalone.DBeaverSplashHandler.getBundleProgressMonitor(DBeaverSplashHandler.java:88)
	at org.jkiss.dbeaver.ui.app.standalone.DBeaverSplashHandler.getActiveMonitor(DBeaverSplashHandler.java:47)
	at org.jkiss.dbeaver.ui.app.standalone.DBeaverSplashHandler.showMessage(DBeaverSplashHandler.java:162)
	at org.jkiss.dbeaver.ui.app.standalone.DBeaverApplication.lambda$1(DBeaverApplication.java:491)
	at org.jkiss.dbeaver.Log.debugMessage(Log.java:280)
	at org.jkiss.dbeaver.Log.debug(Log.java:249)
	at org.jkiss.dbeaver.Log.debug(Log.java:238)
	at org.jkiss.dbeaver.core.DesktopPlatform.dispose(DesktopPlatform.java:161)
	at org.jkiss.dbeaver.core.DBeaverActivator.shutdownCore(DBeaverActivator.java:197)
	at org.jkiss.dbeaver.core.DBeaverActivator.stop(DBeaverActivator.java:161)
	at org.eclipse.osgi.internal.framework.BundleContextImpl$3.run(BundleContextImpl.java:903)
	at org.eclipse.osgi.internal.framework.BundleContextImpl$3.run(BundleContextImpl.java:1)
	at java.base/java.security.AccessController.doPrivileged(Unknown Source)
	at org.eclipse.osgi.internal.framework.BundleContextImpl.stop(BundleContextImpl.java:895)
	at org.eclipse.osgi.internal.framework.EquinoxBundle.stopWorker0(EquinoxBundle.java:1071)
	at org.eclipse.osgi.internal.framework.EquinoxBundle$EquinoxModule.stopWorker(EquinoxBundle.java:392)
	at org.eclipse.osgi.container.Module.doStop(Module.java:695)
	at org.eclipse.osgi.container.Module.stop(Module.java:554)
	at org.eclipse.osgi.container.ModuleContainer$ContainerStartLevel.decStartLevel(ModuleContainer.java:2116)
	at org.eclipse.osgi.container.ModuleContainer$ContainerStartLevel.doContainerStartLevel(ModuleContainer.java:1986)
	at org.eclipse.osgi.container.SystemModule.stopWorker(SystemModule.java:281)
	at org.eclipse.osgi.internal.framework.EquinoxBundle$SystemBundle$EquinoxSystemModule.stopWorker(EquinoxBundle.java:222)
	at org.eclipse.osgi.container.Module.doStop(Module.java:695)
	at org.eclipse.osgi.container.Module.stop(Module.java:554)
	at org.eclipse.osgi.container.SystemModule.stop(SystemModule.java:212)
	at org.eclipse.osgi.internal.framework.EquinoxBundle$SystemBundle$EquinoxSystemModule$1.run(EquinoxBundle.java:240)
	at java.base/java.lang.Thread.run(Unknown Source)
2024-10-02 09:04:37.827 - send collected statistics
org.eclipse.swt.SWTException: Invalid thread access
	at org.eclipse.swt.SWT.error(SWT.java:4922)
	at org.eclipse.swt.SWT.error(SWT.java:4837)
	at org.eclipse.swt.SWT.error(SWT.java:4808)
	at org.eclipse.swt.widgets.Widget.error(Widget.java:500)
	at org.eclipse.swt.widgets.Widget.checkWidget(Widget.java:420)
	at org.eclipse.swt.widgets.Widget.checkParent(Widget.java:351)
	at org.eclipse.swt.widgets.Widget.<init>(Widget.java:182)
	at org.eclipse.swt.widgets.Control.<init>(Control.java:119)
	at org.eclipse.swt.widgets.Scrollable.<init>(Scrollable.java:85)
	at org.eclipse.swt.widgets.Composite.<init>(Composite.java:103)
	at org.eclipse.ui.splash.BasicSplashHandler.getBundleProgressMonitor(BasicSplashHandler.java:136)
	at org.jkiss.dbeaver.ui.app.standalone.DBeaverSplashHandler.getBundleProgressMonitor(DBeaverSplashHandler.java:88)
	at org.jkiss.dbeaver.ui.app.standalone.DBeaverSplashHandler.getActiveMonitor(DBeaverSplashHandler.java:47)
	at org.jkiss.dbeaver.ui.app.standalone.DBeaverSplashHandler.showMessage(DBeaverSplashHandler.java:162)
	at org.jkiss.dbeaver.ui.app.standalone.DBeaverApplication.lambda$1(DBeaverApplication.java:491)
	at org.jkiss.dbeaver.Log.debugMessage(Log.java:280)
	at org.jkiss.dbeaver.Log.debug(Log.java:249)
	at org.jkiss.dbeaver.Log.debug(Log.java:238)
	at org.jkiss.dbeaver.ui.statistics.FeatureStatisticsCollector.sendCollectedStatistics(FeatureStatisticsCollector.java:214)
	at org.jkiss.dbeaver.ui.statistics.FeatureStatisticsCollector.dispose(FeatureStatisticsCollector.java:209)
	at org.jkiss.dbeaver.model.runtime.features.DBRFeatureRegistry.endTracking(DBRFeatureRegistry.java:61)
	at org.jkiss.dbeaver.core.DesktopPlatform.dispose(DesktopPlatform.java:170)
	at org.jkiss.dbeaver.core.DBeaverActivator.shutdownCore(DBeaverActivator.java:197)
	at org.jkiss.dbeaver.core.DBeaverActivator.stop(DBeaverActivator.java:161)
	at org.eclipse.osgi.internal.framework.BundleContextImpl$3.run(BundleContextImpl.java:903)
	at org.eclipse.osgi.internal.framework.BundleContextImpl$3.run(BundleContextImpl.java:1)
	at java.base/java.security.AccessController.doPrivileged(Unknown Source)
	at org.eclipse.osgi.internal.framework.BundleContextImpl.stop(BundleContextImpl.java:895)
	at org.eclipse.osgi.internal.framework.EquinoxBundle.stopWorker0(EquinoxBundle.java:1071)
	at org.eclipse.osgi.internal.framework.EquinoxBundle$EquinoxModule.stopWorker(EquinoxBundle.java:392)
	at org.eclipse.osgi.container.Module.doStop(Module.java:695)
	at org.eclipse.osgi.container.Module.stop(Module.java:554)
	at org.eclipse.osgi.container.ModuleContainer$ContainerStartLevel.decStartLevel(ModuleContainer.java:2116)
	at org.eclipse.osgi.container.ModuleContainer$ContainerStartLevel.doContainerStartLevel(ModuleContainer.java:1986)
	at org.eclipse.osgi.container.SystemModule.stopWorker(SystemModule.java:281)
	at org.eclipse.osgi.internal.framework.EquinoxBundle$SystemBundle$EquinoxSystemModule.stopWorker(EquinoxBundle.java:222)
	at org.eclipse.osgi.container.Module.doStop(Module.java:695)
	at org.eclipse.osgi.container.Module.stop(Module.java:554)
	at org.eclipse.osgi.container.SystemModule.stop(SystemModule.java:212)
	at org.eclipse.osgi.internal.framework.EquinoxBundle$SystemBundle$EquinoxSystemModule$1.run(EquinoxBundle.java:240)
	at java.base/java.lang.Thread.run(Unknown Source)
2024-10-02 09:04:37.864 - Platform shutdown completed (39ms)
org.eclipse.swt.SWTException: Invalid thread access
	at org.eclipse.swt.SWT.error(SWT.java:4922)
	at org.eclipse.swt.SWT.error(SWT.java:4837)
	at org.eclipse.swt.SWT.error(SWT.java:4808)
	at org.eclipse.swt.widgets.Widget.error(Widget.java:500)
	at org.eclipse.swt.widgets.Widget.checkWidget(Widget.java:420)
	at org.eclipse.swt.widgets.Widget.checkParent(Widget.java:351)
	at org.eclipse.swt.widgets.Widget.<init>(Widget.java:182)
	at org.eclipse.swt.widgets.Control.<init>(Control.java:119)
	at org.eclipse.swt.widgets.Scrollable.<init>(Scrollable.java:85)
	at org.eclipse.swt.widgets.Composite.<init>(Composite.java:103)
	at org.eclipse.ui.splash.BasicSplashHandler.getBundleProgressMonitor(BasicSplashHandler.java:136)
	at org.jkiss.dbeaver.ui.app.standalone.DBeaverSplashHandler.getBundleProgressMonitor(DBeaverSplashHandler.java:88)
	at org.jkiss.dbeaver.ui.app.standalone.DBeaverSplashHandler.getActiveMonitor(DBeaverSplashHandler.java:47)
	at org.jkiss.dbeaver.ui.app.standalone.DBeaverSplashHandler.showMessage(DBeaverSplashHandler.java:162)
	at org.jkiss.dbeaver.ui.app.standalone.DBeaverApplication.lambda$1(DBeaverApplication.java:491)
	at org.jkiss.dbeaver.Log.debugMessage(Log.java:280)
	at org.jkiss.dbeaver.Log.debug(Log.java:249)
	at org.jkiss.dbeaver.Log.debug(Log.java:238)
	at org.jkiss.dbeaver.core.DesktopPlatform.dispose(DesktopPlatform.java:208)
	at org.jkiss.dbeaver.core.DBeaverActivator.shutdownCore(DBeaverActivator.java:197)
	at org.jkiss.dbeaver.core.DBeaverActivator.stop(DBeaverActivator.java:161)
	at org.eclipse.osgi.internal.framework.BundleContextImpl$3.run(BundleContextImpl.java:903)
	at org.eclipse.osgi.internal.framework.BundleContextImpl$3.run(BundleContextImpl.java:1)
	at java.base/java.security.AccessController.doPrivileged(Unknown Source)
	at org.eclipse.osgi.internal.framework.BundleContextImpl.stop(BundleContextImpl.java:895)
	at org.eclipse.osgi.internal.framework.EquinoxBundle.stopWorker0(EquinoxBundle.java:1071)
	at org.eclipse.osgi.internal.framework.EquinoxBundle$EquinoxModule.stopWorker(EquinoxBundle.java:392)
	at org.eclipse.osgi.container.Module.doStop(Module.java:695)
	at org.eclipse.osgi.container.Module.stop(Module.java:554)
	at org.eclipse.osgi.container.ModuleContainer$ContainerStartLevel.decStartLevel(ModuleContainer.java:2116)
	at org.eclipse.osgi.container.ModuleContainer$ContainerStartLevel.doContainerStartLevel(ModuleContainer.java:1986)
	at org.eclipse.osgi.container.SystemModule.stopWorker(SystemModule.java:281)
	at org.eclipse.osgi.internal.framework.EquinoxBundle$SystemBundle$EquinoxSystemModule.stopWorker(EquinoxBundle.java:222)
	at org.eclipse.osgi.container.Module.doStop(Module.java:695)
	at org.eclipse.osgi.container.Module.stop(Module.java:554)
	at org.eclipse.osgi.container.SystemModule.stop(SystemModule.java:212)
	at org.eclipse.osgi.internal.framework.EquinoxBundle$SystemBundle$EquinoxSystemModule$1.run(EquinoxBundle.java:240)
	at java.base/java.lang.Thread.run(Unknown Source)
