2024-10-11 12:40:32.832 - DBeaver 24.2.2.202410061621 is starting
2024-10-11 12:40:32.833 - OS: Windows 10 10.0 (amd64)
2024-10-11 12:40:32.833 - Java version: 17.0.6 by Eclipse Adoptium (64bit)
2024-10-11 12:40:32.833 - Install path: 'C:\Program Files\DBeaver'
2024-10-11 12:40:32.833 - Instance path: 'file:/C:/source/oraclesource/'
2024-10-11 12:40:32.835 - Memory available 117Mb/1024Mb
2024-10-11 12:40:32.837 - Create display
2024-10-11 12:40:33.055 - Starting instance server at http://localhost:52951
2024-10-11 12:40:33.063 - Run workbench
> Start Eclipse e4 작업영역 SWT [org.eclipse.e4.ui.workbench.swt 0.17.500.v20240807-0911]
> Start Eclipse Application Services [org.eclipse.e4.core.services 2.4.400.v20240413-1529]
> Start Eclipse UI Application Services [org.eclipse.e4.ui.services 1.6.300.v20231201-1637]
> Start Eclipse e4 Progress View [org.eclipse.e4.ui.progress 0.4.600.v20240606-1020]
> Start Eclipse Bindings Support [org.eclipse.e4.ui.bindings 0.14.400.v20240321-1245]
> Start Eclipse e4 core commands [org.eclipse.e4.core.commands 1.1.400.v20240424-0444]
> Start EMF XML/XMI Persistence [org.eclipse.emf.ecore.xmi 2.38.0.v20240721-0634]
> Start Eclipse CSS SWT Theme Support [org.eclipse.e4.ui.css.swt.theme 0.14.400.v20240424-0956]
> Start Eclipse e4 작업영역 기능 추가 [org.eclipse.e4.ui.workbench.addons.swt 1.5.500.v20240620-1945]
Warning: NLS unused message: 이유 in: org.eclipse.ui.internal.messages
> Start Eclipse e4 작업영역 SWT 렌더러 [org.eclipse.e4.ui.workbench.renderers.swt 0.16.500.v20240727-1037]
> Start Eclipse Dependency Injection Extensions [org.eclipse.e4.core.di.extensions 0.18.300.v20240413-1529]
> Start Eclipse CSS SWT Support [org.eclipse.e4.ui.css.swt 0.15.400.v20240321-1245]
> Start Eclipse SDK Themes [org.eclipse.ui.themes 1.2.2500.v20240819-1245]
> Start 기본 문서 편집기 [org.eclipse.ui.editors 3.18.0.v20240807-0735]
> Start 텍스트 편집기 프레임워크 [org.eclipse.ui.workbench.texteditor 3.18.0.v20240819-1419]
2024-10-11 12:40:34.428 - Configure workbench window
> Start DBeaver SQL Model [org.jkiss.dbeaver.model.sql 1.0.130.202410061621]
2024-10-11 12:40:34.539 - Total database drivers: 120 (120)
> Start 도움말 시스템 코어 [org.eclipse.help 3.10.400.v20240415-0528]
2024-10-11 12:40:34.615 - Create actions
2024-10-11 12:40:34.621 - Disable Eclipse action set 'org.eclipse.ui.edit.text.actionSet.annotationNavigation'
2024-10-11 12:40:34.622 - Disable Eclipse action set 'org.eclipse.ui.WorkingSetActionSet'
2024-10-11 12:40:34.622 - Disable Eclipse action set 'org.eclipse.ui.actionSet.openFiles'
2024-10-11 12:40:34.622 - Create workbench actions
2024-10-11 12:40:35.325 - Initialize workbench window
2024-10-11 12:40:35.330 - Finish initialization
> Start DBeaver UI Editors - Data [org.jkiss.dbeaver.ui.editors.data 1.0.140.202410061621]
Warning: NLS unused message: actions_navigator__objects in: org.jkiss.dbeaver.ui.editors.sql.internal.SQLEditorMessages
> Start DBeaver UI Editors - SQL [org.jkiss.dbeaver.ui.editors.sql 1.0.140.202410061621]
Warning: NLS unused message: FindReplace_title in: org.eclipse.ui.texteditor.EditorMessages
Warning: NLS unused message: FindReplace_Find_label in: org.eclipse.ui.texteditor.EditorMessages
Warning: NLS unused message: FindReplace_Replace_label in: org.eclipse.ui.texteditor.EditorMessages
Warning: NLS unused message: FindReplace_Direction in: org.eclipse.ui.texteditor.EditorMessages
Warning: NLS unused message: FindReplace_ForwardRadioButton_label in: org.eclipse.ui.texteditor.EditorMessages
Warning: NLS unused message: FindReplace_BackwardRadioButton_label in: org.eclipse.ui.texteditor.EditorMessages
Warning: NLS unused message: FindReplace_Scope in: org.eclipse.ui.texteditor.EditorMessages
Warning: NLS unused message: FindReplace_GlobalRadioButton_label in: org.eclipse.ui.texteditor.EditorMessages
Warning: NLS unused message: FindReplace_SelectedRangeRadioButton_label in: org.eclipse.ui.texteditor.EditorMessages
Warning: NLS unused message: FindReplace_Options in: org.eclipse.ui.texteditor.EditorMessages
Warning: NLS unused message: FindReplace_CaseCheckBox_label in: org.eclipse.ui.texteditor.EditorMessages
Warning: NLS unused message: FindReplace_WrapCheckBox_label in: org.eclipse.ui.texteditor.EditorMessages
Warning: NLS unused message: FindReplace_WholeWordCheckBox_label in: org.eclipse.ui.texteditor.EditorMessages
Warning: NLS unused message: FindReplace_IncrementalCheckBox_label in: org.eclipse.ui.texteditor.EditorMessages
Warning: NLS unused message: FindReplace_RegExCheckbox_label in: org.eclipse.ui.texteditor.EditorMessages
Warning: NLS unused message: FindReplace_FindNextButton_label in: org.eclipse.ui.texteditor.EditorMessages
Warning: NLS unused message: FindReplace_ReplaceFindButton_label in: org.eclipse.ui.texteditor.EditorMessages
Warning: NLS unused message: FindReplace_ReplaceSelectionButton_label in: org.eclipse.ui.texteditor.EditorMessages
Warning: NLS unused message: FindReplace_ReplaceAllButton_label in: org.eclipse.ui.texteditor.EditorMessages
Warning: NLS unused message: FindReplace_SelectAllButton_label in: org.eclipse.ui.texteditor.EditorMessages
Warning: NLS unused message: FindReplace_CloseButton_label in: org.eclipse.ui.texteditor.EditorMessages
Warning: NLS unused message: FindReplace_Status_replacements_label in: org.eclipse.ui.texteditor.EditorMessages
> Start DBeaver SQL Terminal [org.jkiss.dbeaver.ui.editors.sql.terminal 1.0.116.202410061621]
> Start 핵심 비교 지원 [org.eclipse.compare.core 3.8.500.v20240524-2010]
> Start 인터넷 연결 관리 사용자 인터페이스 [org.eclipse.ui.net 1.5.400.v20240413-1529]
> Start Internet Connection Management [org.eclipse.core.net 1.5.500.v20240625-1706]
> Start DBeaver Sample Database [org.jkiss.dbeaver.ext.sample.database 1.0.177.202410061621]
> Start DBeaver Tip of the day [org.jkiss.dbeaver.ext.ui.tipoftheday 1.0.146.202410061621]
> Start GEF Classic Draw2d [org.eclipse.draw2d 3.17.0.202409021815]
> Start GEF Classic GEF (MVC) [org.eclipse.gef 3.19.0.202409021815]
> Start DBeaver ERD UI [org.jkiss.dbeaver.erd.ui 3.0.100.202410061621]
> Start DBeaver ERD Model [org.jkiss.dbeaver.erd.model 1.0.100.202410061621]
> Start DBeaver Dashboard UI [org.jkiss.dbeaver.ui.dashboard 1.0.137.202410061621]
> Start DBeaver JDBC Model [org.jkiss.dbeaver.model.jdbc 1.0.33.202410061621]
> Start DBeaver Oracle Model [org.jkiss.dbeaver.ext.oracle 2.1.225.202410061621]
> Start 콘솔 [org.eclipse.ui.console 3.14.100.v20240429-1358]
> Start 디버그 핵심 [org.eclipse.debug.core 3.21.500.v20240801-2219]
> Start DBeaver Tasks - Native Tools UI [org.jkiss.dbeaver.tasks.native.ui 1.0.118.202410061621]
> Start DBeaver Oracle UI [org.jkiss.dbeaver.ext.oracle.ui 1.0.127.202410061621]
> Start DBeaver Tasks - General UI [org.jkiss.dbeaver.tasks.ui 1.0.118.202410061621]
> Start DBeaver UI Editors - Connections [org.jkiss.dbeaver.ui.editors.connection 1.0.131.202410061621]
2024-10-11 12:40:40.327 - Connect with 'system' (oracle_thin-191ea4ef014-61e97f5a605275ee)
2024-10-11 12:40:40.360 - Execution context opened (system; Main; 0)
> Start DBeaver SQL Language Semantic Model [org.jkiss.dbeaver.model.lsm 1.0.35.202410061621]
2024-10-11 12:40:40.371 - Connect with 'scott' (oracle_thin-191ea5149d0-43fc6921772a7b5d)
2024-10-11 12:40:40.373 - Execution context opened (scott; Main; 1)
2024-10-11 12:40:41.356 - Execution context opened (scott; Metadata; 2)
2024-10-11 12:40:41.567 - Execution context opened (system; Metadata; 3)
2024-10-11 12:40:41.616 - Connected (oracle_thin-191ea5149d0-43fc6921772a7b5d, Oracle JDBC driver [21.3.0.0.0])
2024-10-11 12:40:41.620 - Execution context opened (scott; SQLEditor <scott.sql>; 4)
2024-10-11 12:40:41.706 - Connected (oracle_thin-191ea4ef014-61e97f5a605275ee, Oracle JDBC driver [21.3.0.0.0])
2024-10-11 12:40:42.066 - Execution context opened (system; SQLEditor <system.sql>; 5)
> Start DBeaver Data Transfer [org.jkiss.dbeaver.data.transfer 2.0.124.202410061621]
2024-10-11 12:41:43.490 - Unrecognized Oracle client version at C:\app\soldesk\product\21c\dbhomeXE
2024-10-11 12:41:43.677 - Auth model 'native' was replaced by 'oracle_native'
2024-10-11 12:41:43.708 - Service 'org.jkiss.dbeaver.runtime.ui.UIServiceSecurity' not found
2024-10-11 12:41:55.330 - Connect with 'jdbc:oracle:thin:@//localhost:1521/ORCL' (oracle_thin-19279ab30ea-1b5a3ade1658629d)
2024-10-11 12:41:55.332 - Execution context opened (jdbc:oracle:thin:@//localhost:1521/ORCL; Main; 6)
2024-10-11 12:41:55.398 - Listener refused the connection with the following error:
ORA-12514, TNS:listener does not currently know of service requested in connect descriptor
  (CONNECTION_ID=YkiB3C5GRwCav7I3XgOQyg==)
oracle.net.ns.NetException: Listener refused the connection with the following error:
ORA-12514, TNS:listener does not currently know of service requested in connect descriptor
  (CONNECTION_ID=YkiB3C5GRwCav7I3XgOQyg==)
	at oracle.net.ns.NSProtocolNIO.createRefusePacketException(NSProtocolNIO.java:816)
	at oracle.net.ns.NSProtocolNIO.handleConnectPacketResponse(NSProtocolNIO.java:396)
	at oracle.net.ns.NSProtocolNIO.negotiateConnection(NSProtocolNIO.java:207)
	at oracle.net.ns.NSProtocol.connect(NSProtocol.java:354)
	at oracle.jdbc.driver.T4CConnection.connect(T4CConnection.java:2155)
	at oracle.jdbc.driver.T4CConnection.logon(T4CConnection.java:652)
	at oracle.jdbc.driver.PhysicalConnection.connect(PhysicalConnection.java:1086)
	at oracle.jdbc.driver.T4CDriverExtension.getConnection(T4CDriverExtension.java:90)
	at oracle.jdbc.driver.OracleDriver.connect(OracleDriver.java:728)
	at oracle.jdbc.driver.OracleDriver.connect(OracleDriver.java:649)
	at org.jkiss.dbeaver.model.impl.jdbc.JDBCConnectionOpener.run(JDBCConnectionOpener.java:109)
	at org.jkiss.dbeaver.model.impl.jdbc.JDBCConnectionOpener.run(JDBCConnectionOpener.java:83)
	at org.jkiss.dbeaver.model.impl.jdbc.JDBCDataSource.openConnection(JDBCDataSource.java:223)
	at org.jkiss.dbeaver.ext.oracle.model.OracleDataSource.openConnection(OracleDataSource.java:192)
	at org.jkiss.dbeaver.model.impl.jdbc.JDBCExecutionContext.connect(JDBCExecutionContext.java:119)
	at org.jkiss.dbeaver.model.impl.jdbc.JDBCRemoteInstance.initializeMainContext(JDBCRemoteInstance.java:102)
	at org.jkiss.dbeaver.model.impl.jdbc.JDBCRemoteInstance.<init>(JDBCRemoteInstance.java:61)
	at org.jkiss.dbeaver.model.impl.jdbc.JDBCDataSource.initializeRemoteInstance(JDBCDataSource.java:121)
	at org.jkiss.dbeaver.model.impl.jdbc.JDBCDataSource.<init>(JDBCDataSource.java:105)
	at org.jkiss.dbeaver.model.impl.jdbc.JDBCDataSource.<init>(JDBCDataSource.java:96)
	at org.jkiss.dbeaver.ext.oracle.model.OracleDataSource.<init>(OracleDataSource.java:110)
	at org.jkiss.dbeaver.ext.oracle.OracleDataSourceProvider.openDataSource(OracleDataSourceProvider.java:143)
	at org.jkiss.dbeaver.registry.DataSourceDescriptor.openDataSource(DataSourceDescriptor.java:1406)
	at org.jkiss.dbeaver.registry.DataSourceDescriptor.connect0(DataSourceDescriptor.java:1276)
	at org.jkiss.dbeaver.registry.DataSourceDescriptor.connect(DataSourceDescriptor.java:1061)
	at org.jkiss.dbeaver.runtime.jobs.ConnectJob.run(ConnectJob.java:78)
	at org.jkiss.dbeaver.runtime.jobs.ConnectionTestJob.run(ConnectionTestJob.java:103)
	at org.jkiss.dbeaver.model.runtime.AbstractJob.run(AbstractJob.java:117)
	at org.eclipse.core.internal.jobs.Worker.run(Worker.java:63)
2024-10-11 12:42:00.941 - Connect with 'jdbc:oracle:thin:@//localhost:1521/ORCL' (oracle_thin-19279ab46da-4c61869780939bfd)
2024-10-11 12:42:00.942 - Execution context opened (jdbc:oracle:thin:@//localhost:1521/ORCL; Main; 7)
2024-10-11 12:42:01.010 - Listener refused the connection with the following error:
ORA-12514, TNS:listener does not currently know of service requested in connect descriptor
  (CONNECTION_ID=1RqtuEOrQl2XEte3hfEkVQ==)
oracle.net.ns.NetException: Listener refused the connection with the following error:
ORA-12514, TNS:listener does not currently know of service requested in connect descriptor
  (CONNECTION_ID=1RqtuEOrQl2XEte3hfEkVQ==)
	at oracle.net.ns.NSProtocolNIO.createRefusePacketException(NSProtocolNIO.java:816)
	at oracle.net.ns.NSProtocolNIO.handleConnectPacketResponse(NSProtocolNIO.java:396)
	at oracle.net.ns.NSProtocolNIO.negotiateConnection(NSProtocolNIO.java:207)
	at oracle.net.ns.NSProtocol.connect(NSProtocol.java:354)
	at oracle.jdbc.driver.T4CConnection.connect(T4CConnection.java:2155)
	at oracle.jdbc.driver.T4CConnection.logon(T4CConnection.java:652)
	at oracle.jdbc.driver.PhysicalConnection.connect(PhysicalConnection.java:1086)
	at oracle.jdbc.driver.T4CDriverExtension.getConnection(T4CDriverExtension.java:90)
	at oracle.jdbc.driver.OracleDriver.connect(OracleDriver.java:728)
	at oracle.jdbc.driver.OracleDriver.connect(OracleDriver.java:649)
	at org.jkiss.dbeaver.model.impl.jdbc.JDBCConnectionOpener.run(JDBCConnectionOpener.java:109)
	at org.jkiss.dbeaver.model.impl.jdbc.JDBCConnectionOpener.run(JDBCConnectionOpener.java:83)
	at org.jkiss.dbeaver.model.impl.jdbc.JDBCDataSource.openConnection(JDBCDataSource.java:223)
	at org.jkiss.dbeaver.ext.oracle.model.OracleDataSource.openConnection(OracleDataSource.java:192)
	at org.jkiss.dbeaver.model.impl.jdbc.JDBCExecutionContext.connect(JDBCExecutionContext.java:119)
	at org.jkiss.dbeaver.model.impl.jdbc.JDBCRemoteInstance.initializeMainContext(JDBCRemoteInstance.java:102)
	at org.jkiss.dbeaver.model.impl.jdbc.JDBCRemoteInstance.<init>(JDBCRemoteInstance.java:61)
	at org.jkiss.dbeaver.model.impl.jdbc.JDBCDataSource.initializeRemoteInstance(JDBCDataSource.java:121)
	at org.jkiss.dbeaver.model.impl.jdbc.JDBCDataSource.<init>(JDBCDataSource.java:105)
	at org.jkiss.dbeaver.model.impl.jdbc.JDBCDataSource.<init>(JDBCDataSource.java:96)
	at org.jkiss.dbeaver.ext.oracle.model.OracleDataSource.<init>(OracleDataSource.java:110)
	at org.jkiss.dbeaver.ext.oracle.OracleDataSourceProvider.openDataSource(OracleDataSourceProvider.java:143)
	at org.jkiss.dbeaver.registry.DataSourceDescriptor.openDataSource(DataSourceDescriptor.java:1406)
	at org.jkiss.dbeaver.registry.DataSourceDescriptor.connect0(DataSourceDescriptor.java:1276)
	at org.jkiss.dbeaver.registry.DataSourceDescriptor.connect(DataSourceDescriptor.java:1061)
	at org.jkiss.dbeaver.runtime.jobs.ConnectJob.run(ConnectJob.java:78)
	at org.jkiss.dbeaver.runtime.jobs.ConnectionTestJob.run(ConnectionTestJob.java:103)
	at org.jkiss.dbeaver.model.runtime.AbstractJob.run(AbstractJob.java:117)
	at org.eclipse.core.internal.jobs.Worker.run(Worker.java:63)
2024-10-11 12:42:10.111 - Connect with 'jdbc:oracle:thin:@//localhost:1521/xe' (oracle_thin-19279ab6aa9-2b321f5f9959551c)
2024-10-11 12:42:10.112 - Execution context opened (jdbc:oracle:thin:@//localhost:1521/xe; Main; 8)
2024-10-11 12:42:11.264 - ORA-01017: 사용자명/비밀번호가 부적합, 로그온할 수 없습니다.

java.sql.SQLException: ORA-01017: 사용자명/비밀번호가 부적합, 로그온할 수 없습니다.

	at oracle.jdbc.driver.T4CTTIoer11.processError(T4CTTIoer11.java:630)
	at oracle.jdbc.driver.T4CTTIoer11.processError(T4CTTIoer11.java:559)
	at oracle.jdbc.driver.T4CTTIoer11.processError(T4CTTIoer11.java:554)
	at oracle.jdbc.driver.T4CTTIfun.processError(T4CTTIfun.java:1377)
	at oracle.jdbc.driver.T4CTTIoauthenticate.processError(T4CTTIoauthenticate.java:700)
	at oracle.jdbc.driver.T4CTTIfun.receive(T4CTTIfun.java:772)
	at oracle.jdbc.driver.T4CTTIfun.doRPC(T4CTTIfun.java:299)
	at oracle.jdbc.driver.T4CTTIoauthenticate.doOAUTH(T4CTTIoauthenticate.java:390)
	at oracle.jdbc.driver.T4CTTIoauthenticate.doOAUTHWithO5Logon(T4CTTIoauthenticate.java:1471)
	at oracle.jdbc.driver.T4CTTIoauthenticate.doOAUTH(T4CTTIoauthenticate.java:1220)
	at oracle.jdbc.driver.T4CTTIoauthenticate.doOAUTH(T4CTTIoauthenticate.java:1174)
	at oracle.jdbc.driver.T4CConnection.authenticateUserForLogon(T4CConnection.java:1042)
	at oracle.jdbc.driver.T4CConnection.logon(T4CConnection.java:658)
	at oracle.jdbc.driver.PhysicalConnection.connect(PhysicalConnection.java:1086)
	at oracle.jdbc.driver.T4CDriverExtension.getConnection(T4CDriverExtension.java:90)
	at oracle.jdbc.driver.OracleDriver.connect(OracleDriver.java:728)
	at oracle.jdbc.driver.OracleDriver.connect(OracleDriver.java:649)
	at org.jkiss.dbeaver.model.impl.jdbc.JDBCConnectionOpener.run(JDBCConnectionOpener.java:109)
	at org.jkiss.dbeaver.model.impl.jdbc.JDBCConnectionOpener.run(JDBCConnectionOpener.java:83)
	at org.jkiss.dbeaver.model.impl.jdbc.JDBCDataSource.openConnection(JDBCDataSource.java:223)
	at org.jkiss.dbeaver.ext.oracle.model.OracleDataSource.openConnection(OracleDataSource.java:192)
	at org.jkiss.dbeaver.model.impl.jdbc.JDBCExecutionContext.connect(JDBCExecutionContext.java:119)
	at org.jkiss.dbeaver.model.impl.jdbc.JDBCRemoteInstance.initializeMainContext(JDBCRemoteInstance.java:102)
	at org.jkiss.dbeaver.model.impl.jdbc.JDBCRemoteInstance.<init>(JDBCRemoteInstance.java:61)
	at org.jkiss.dbeaver.model.impl.jdbc.JDBCDataSource.initializeRemoteInstance(JDBCDataSource.java:121)
	at org.jkiss.dbeaver.model.impl.jdbc.JDBCDataSource.<init>(JDBCDataSource.java:105)
	at org.jkiss.dbeaver.model.impl.jdbc.JDBCDataSource.<init>(JDBCDataSource.java:96)
	at org.jkiss.dbeaver.ext.oracle.model.OracleDataSource.<init>(OracleDataSource.java:110)
	at org.jkiss.dbeaver.ext.oracle.OracleDataSourceProvider.openDataSource(OracleDataSourceProvider.java:143)
	at org.jkiss.dbeaver.registry.DataSourceDescriptor.openDataSource(DataSourceDescriptor.java:1406)
	at org.jkiss.dbeaver.registry.DataSourceDescriptor.connect0(DataSourceDescriptor.java:1276)
	at org.jkiss.dbeaver.registry.DataSourceDescriptor.connect(DataSourceDescriptor.java:1061)
	at org.jkiss.dbeaver.runtime.jobs.ConnectJob.run(ConnectJob.java:78)
	at org.jkiss.dbeaver.runtime.jobs.ConnectionTestJob.run(ConnectionTestJob.java:103)
	at org.jkiss.dbeaver.model.runtime.AbstractJob.run(AbstractJob.java:117)
	at org.eclipse.core.internal.jobs.Worker.run(Worker.java:63)
2024-10-11 12:42:15.741 - Connect with 'jdbc:oracle:thin:@//localhost:1521/xe' (oracle_thin-19279ab80aa-231fda8e6eb7c8ad)
2024-10-11 12:42:15.742 - Execution context opened (jdbc:oracle:thin:@//localhost:1521/xe; Main; 9)
2024-10-11 12:42:15.819 - Connected (oracle_thin-19279ab80aa-231fda8e6eb7c8ad, Oracle JDBC driver [21.3.0.0.0])
2024-10-11 12:42:15.833 - Execution context closed (jdbc:oracle:thin:@//localhost:1521/xe, 9)
2024-10-11 12:42:15.834 - Disconnected (oracle_thin-19279ab80aa-231fda8e6eb7c8ad)
2024-10-11 12:42:35.013 - Connect with 'c##java' (oracle_thin-19279ab02bd-690aad57503bd418)
2024-10-11 12:42:35.014 - Execution context opened (c##java; Main; 10)
2024-10-11 12:42:35.078 - Execution context opened (c##java; Metadata; 11)
2024-10-11 12:42:35.147 - Connected (oracle_thin-19279ab02bd-690aad57503bd418, Oracle JDBC driver [21.3.0.0.0])
2024-10-11 12:43:04.694 - Execution context opened (c##java; SQLEditor <Script-1.sql>; 12)
2024-10-11 12:46:12.674 - SQL Error [942] [42000]: ORA-00942: 테이블 또는 뷰가 존재하지 않습니다

org.jkiss.dbeaver.model.sql.DBSQLException: SQL Error [942] [42000]: ORA-00942: 테이블 또는 뷰가 존재하지 않습니다

	at org.jkiss.dbeaver.model.impl.jdbc.exec.JDBCStatementImpl.executeStatement(JDBCStatementImpl.java:133)
	at org.jkiss.dbeaver.ui.editors.sql.execute.SQLQueryJob.executeStatement(SQLQueryJob.java:631)
	at org.jkiss.dbeaver.ui.editors.sql.execute.SQLQueryJob.lambda$2(SQLQueryJob.java:522)
	at org.jkiss.dbeaver.ui.editors.sql.execute.SQLQueryJob.executeSingleQuery(SQLQueryJob.java:544)
	at org.jkiss.dbeaver.ui.editors.sql.execute.SQLQueryJob.extractData(SQLQueryJob.java:1001)
	at org.jkiss.dbeaver.ui.editors.sql.SQLEditor$QueryResultsContainer.readData(SQLEditor.java:4238)
	at org.jkiss.dbeaver.ui.controls.resultset.ResultSetJobDataRead.lambda$0(ResultSetJobDataRead.java:128)
	at org.jkiss.dbeaver.model.exec.DBExecUtils.tryExecuteRecover(DBExecUtils.java:192)
	at org.jkiss.dbeaver.ui.controls.resultset.ResultSetJobDataRead.run(ResultSetJobDataRead.java:126)
	at org.jkiss.dbeaver.ui.controls.resultset.ResultSetViewer$ResultSetDataPumpJob.run(ResultSetViewer.java:5166)
	at org.jkiss.dbeaver.model.runtime.AbstractJob.run(AbstractJob.java:117)
	at org.eclipse.core.internal.jobs.Worker.run(Worker.java:63)
Caused by: java.sql.SQLSyntaxErrorException: ORA-00942: 테이블 또는 뷰가 존재하지 않습니다

	at oracle.jdbc.driver.T4CTTIoer11.processError(T4CTTIoer11.java:630)
	at oracle.jdbc.driver.T4CTTIoer11.processError(T4CTTIoer11.java:564)
	at oracle.jdbc.driver.T4C8Oall.processError(T4C8Oall.java:1231)
	at oracle.jdbc.driver.T4CTTIfun.receive(T4CTTIfun.java:772)
	at oracle.jdbc.driver.T4CTTIfun.doRPC(T4CTTIfun.java:299)
	at oracle.jdbc.driver.T4C8Oall.doOALL(T4C8Oall.java:512)
	at oracle.jdbc.driver.T4CStatement.doOall8(T4CStatement.java:123)
	at oracle.jdbc.driver.T4CStatement.executeForRows(T4CStatement.java:1200)
	at oracle.jdbc.driver.OracleStatement.executeSQLStatement(OracleStatement.java:1820)
	at oracle.jdbc.driver.OracleStatement.doExecuteWithTimeout(OracleStatement.java:1472)
	at oracle.jdbc.driver.OracleStatement.executeInternal(OracleStatement.java:2505)
	at oracle.jdbc.driver.OracleStatement.execute(OracleStatement.java:2460)
	at oracle.jdbc.driver.OracleStatementWrapper.execute(OracleStatementWrapper.java:328)
	at org.jkiss.dbeaver.model.impl.jdbc.exec.JDBCStatementImpl.execute(JDBCStatementImpl.java:332)
	at org.jkiss.dbeaver.model.impl.jdbc.exec.JDBCStatementImpl.executeStatement(JDBCStatementImpl.java:131)
	... 11 more
Caused by: Error : 942, Position : 12, Sql = INSERT INTO USERTBL values('hong123','홍길동', 'hong123',25,'hong123@gmail.com'), OriginalSql = INSERT INTO USERTBL values('hong123','홍길동', 'hong123',25,'hong123@gmail.com'), Error Msg = ORA-00942: 테이블 또는 뷰가 존재하지 않습니다

	at oracle.jdbc.driver.T4CTTIoer11.processError(T4CTTIoer11.java:637)
	... 25 more
2024-10-11 12:46:52.422 - Connect with 'orderpass' (oracle_thin-191ea6aa089-20eabc849ade2a8b)
2024-10-11 12:46:52.423 - Execution context opened (orderpass; Main; 13)
2024-10-11 12:46:52.500 - Execution context opened (orderpass; Metadata; 14)
2024-10-11 12:46:52.568 - Connected (oracle_thin-191ea6aa089-20eabc849ade2a8b, Oracle JDBC driver [21.3.0.0.0])
2024-10-11 12:46:52.572 - Execution context opened (orderpass; SQLEditor <orderpass.sql>; 15)
2024-10-11 12:47:04.105 - Can't get column 'PLUGGED_IN': 부적합한 열 이름
